// Jest Snapshot v1, https://goo.gl/fbAQLP

exports[`AppInput should match snapshot 1`] = `<div class="input-group"><input class="form-control"></div>`;
