// Jest Snapshot v1, https://goo.gl/fbAQLP

exports[`MeetupsPage Integration testing should match mount snapshot 1`] = `
<div class="container">
  <div class="filters-panel">
    <div class="filters-panel__col">
      <div class="form-check">
        <div class="form-check__group"><input type="radio" name="date" class="form-check__input" value="all"> <label class="form-check__label">Все</label></div>
        <div class="form-check__group"><input type="radio" name="date" class="form-check__input" value="past"> <label class="form-check__label">Прошедшие</label></div>
        <div class="form-check__group"><input type="radio" name="date" class="form-check__input" value="future"> <label class="form-check__label">Ожидаемые</label></div>
      </div>
    </div>
    <div class="filters-panel__col">
      <div class="form-group form-group_inline">
        <div class="input-group input-group_icon input-group_icon-left"><img alt="icon" src="" class="icon"> <input id="filters-panel__search" type="text" placeholder="Поиск" class="form-control form-control_rounded form-control_sm"></div>
      </div>
      <div class="form-group form-group_inline">
        <div class="page-tabs"><button type="button" class="page-tabs__tab page-tabs__tab_active"><svg fill="none" height="28" viewBox="0 0 28 28" width="28" xmlns="http://www.w3.org/2000/svg">
              <path clip-rule="evenodd" d="m5 7c-.55228 0-1 .44772-1 1s.44772 1 1 1h.01c.55228 0 1-.44772 1-1s-.44772-1-1-1zm5 0c-.55228 0-1 .44772-1 1s.44772 1 1 1h13c.5523 0 1-.44772 1-1s-.4477-1-1-1zm0 6c-.55228 0-1 .4477-1 1s.44772 1 1 1h13c.5523 0 1-.4477 1-1s-.4477-1-1-1zm-1 7c0-.5523.44772-1 1-1h13c.5523 0 1 .4477 1 1s-.4477 1-1 1h-13c-.55228 0-1-.4477-1-1zm-5-6c0-.5523.44772-1 1-1h.01c.55228 0 1 .4477 1 1s-.44772 1-1 1h-.01c-.55228 0-1-.4477-1-1zm1 5c-.55228 0-1 .4477-1 1s.44772 1 1 1h.01c.55228 0 1-.4477 1-1s-.44772-1-1-1z" fill-rule="evenodd"></path>
            </svg></button> <button type="button" class="page-tabs__tab"><svg height="22" viewBox="0 0 20 22" width="20" xmlns="http://www.w3.org/2000/svg">
              <path clip-rule="evenodd" d="m15 1c0-.552285-.4477-1-1-1s-1 .447715-1 1v1h-6v-1c0-.552285-.44772-1-1-1s-1 .447715-1 1v1h-2c-1.65685 0-3 1.34315-3 3v14c0 1.6569 1.34315 3 3 3h14c1.6569 0 3-1.3431 3-3v-14c0-1.65685-1.3431-3-3-3h-2zm3 7v-3c0-.55228-.4477-1-1-1h-2v1c0 .55228-.4477 1-1 1s-1-.44772-1-1v-1h-6v1c0 .55228-.44772 1-1 1s-1-.44772-1-1v-1h-2c-.55228 0-1 .44772-1 1v3zm-16 2h16v9c0 .5523-.4477 1-1 1h-14c-.55228 0-1-.4477-1-1z" fill-rule="evenodd"></path>
            </svg></button></div>
      </div>
    </div>
  </div>
  <div class="meetups-list"><a href="/meetups/1" class="meetups-list__item">
      <div class="meetups-list__col">
        <div class="meetups-list__cover" style="--bg-url: url('https://course-vue.javascript.ru/api/images/1');">
          <h5>MSK VUE.JS MEETUP #1</h5>
        </div>
      </div>
      <div class="meetups-list__col">
        <div class="meetups-list__description">
          <!---->
          <!---->
          <ul class="info-list">
            <li><img alt="icon" src="" class="icon info-list__icon">
              Игорь Ш.
            </li>
            <li><img alt="icon" src="" class="icon info-list__icon">
              Москва, офис Voximplant (ул. Мытная 66)
            </li>
            <li><img alt="icon" src="" class="icon info-list__icon"> <time datetime="2020-05-08,00:00:00.000Z">May 8, 2020</time></li>
          </ul>
        </div>
      </div>
    </a><a href="/meetups/2" class="meetups-list__item">
      <div class="meetups-list__col">
        <div class="meetups-list__cover">
          <h5>Демо-Митап</h5>
        </div>
      </div>
      <div class="meetups-list__col">
        <div class="meetups-list__description">
          <!---->
          <!---->
          <ul class="info-list">
            <li><img alt="icon" src="" class="icon info-list__icon">
              Demo Organizer
            </li>
            <li><img alt="icon" src="" class="icon info-list__icon">
              Internet
            </li>
            <li><img alt="icon" src="" class="icon info-list__icon"> <time datetime="2020-07-20,16:15:59.010Z">July 20, 2020</time></li>
          </ul>
        </div>
      </div>
    </a></div>
</div>
`;

exports[`MeetupsPage Unit testing should match shallowMount snapshot 1`] = `
<div class="container">
  <div class="filters-panel">
    <div class="filters-panel__col">
      <form-check-stub options="[object Object],[object Object],[object Object]" value="all"></form-check-stub>
    </div>
    <div class="filters-panel__col">
      <div class="form-group form-group_inline">
        <div class="input-group input-group_icon input-group_icon-left">
          <app-icon-stub icon="search"></app-icon-stub> <input id="filters-panel__search" type="text" placeholder="Поиск" class="form-control form-control_rounded form-control_sm">
        </div>
      </div>
      <div class="form-group form-group_inline">
        <page-tabs-stub selected="list"></page-tabs-stub>
      </div>
    </div>
  </div>
  <meetups-list-stub meetups="[object Object],[object Object]"></meetups-list-stub>
</div>
`;
